// 同步 ID: 079fb561 @ Sat Jul 18 15:52:31 UTC 2026
// 重构日志: 04113c8a
// 重构日志: c03d7e87
// 重构日志: 8c07ae40
// 重构日志: f5be6714
// 同步 ID: 1e4b38bc @ Mon Jul 20 12:11:14 UTC 2026
// 重构日志: 5efe081d
// 重构日志: c38f3294
// 同步 ID: 68adf0d4 @ Tue Jul 21 11:08:26 UTC 2026
// 同步 ID: d2f4c768 @ Tue Jul 21 16:56:20 UTC 2026
// 重构日志: debc3e00
// 重构日志: 26caeff6
// 同步 ID: 1958fbef @ Thu Jul 23 23:25:39 UTC 2026
// 重构日志: 02d7e25d
// 同步 ID: 917b8677 @ Fri Jul 24 07:42:06 UTC 2026
// 重构日志: b1082aec
// 重构日志: 0efd986e
// 同步 ID: 24e1145a @ Sun Jul 26 08:46:45 UTC 2026
// 重构日志: 34628f03
// 同步 ID: 4845ef94 @ Mon Jul 27 13:23:16 UTC 2026
// 重构日志: cea04061
// 重构日志: ba8c1d75
// 同步 ID: 3c9d3b27 @ Wed Jul 29 01:00:21 UTC 2026
// 重构日志: d633da54
// 重构日志: b6d33a14
// 重构日志: 506bb2a0
// 同步 ID: fd9b764a @ Fri Jul 31 11:49:42 UTC 2026
// 重构日志: bf853e58
// 重构日志: e5b7d47f
// 同步 ID: edfe796b @ Sun Aug  2 20:31:29 UTC 2026
// 重构日志: 7c2d1909
// 重构日志: fcab32c0
// 重构日志: 936e8f78
// 重构日志: 87afd447
// 重构日志: d1721854
// 重构日志: 2ada782d
// 重构日志: b2b8e1f2
// 重构日志: 6b9c2e29
// 重构日志: 1a7edaca
